// Jest Snapshot v1, https://goo.gl/fbAQLP

exports[`<Main /> should render the heading 1`] = `
.c0 {
  background-color: #171738;
  color: #fff;
  text-align: center;
  -webkit-align-items: center;
  -webkit-box-align: center;
  -ms-flex-align: center;
  align-items: center;
  -webkit-box-pack: center;
  -webkit-justify-content: center;
  -ms-flex-pack: center;
  justify-content: center;
  display: -webkit-box;
  display: -webkit-flex;
  display: -ms-flexbox;
  display: flex;
  -webkit-flex-direction: column;
  -ms-flex-direction: column;
  flex-direction: column;
  width: 100%;
  height: 100%;
  padding: 3rem;
}

.c1 {
  width: 25rem;
  margin-bottom: 2rem;
}

.c2 {
  font-size: 3.5rem;
  color: #c3c8d9;
  font-weight: bold;
}

.c3 {
  margin-top: 1rem;
  font-size: 2.5rem;
  max-width: 70rem;
  color: #7180b9;
}

<main
  class="c0"
>
  <img
    alt="Escrita Primecode com imagem de um diamente"
    class="c1"
    src="/assets/images/logo.svg"
  />
  <h1
    class="c2"
  >
    Boilerplate Next.js
  </h1>
  <h2
    class="c3"
  >
    Projeto iniciado com sucesso, agora só customizar seus componentes e criar as páginas
  </h2>
</main>
`
